###############################################################################
#
# IAR ELF Linker V8.40.2.214/W32 for ARM                  03/Jun/2021  14:13:00
# Copyright 2007-2019 IAR Systems AB.
#
#    Output file  =
#        D:\03_Workspace\01_Software_WorkSpace\OM\EWARM\OM\Exe\OM.out
#    Map file     =
#        D:\03_Workspace\01_Software_WorkSpace\OM\EWARM\OM\List\OM.map
#    Command line =
#        -f C:\Users\OuMiao\AppData\Local\Temp\EWB3B9.tmp
#        (D:\03_Workspace\01_Software_WorkSpace\OM\EWARM\OM\Obj\dma.o
#        D:\03_Workspace\01_Software_WorkSpace\OM\EWARM\OM\Obj\gpio.o
#        D:\03_Workspace\01_Software_WorkSpace\OM\EWARM\OM\Obj\i2c.o
#        D:\03_Workspace\01_Software_WorkSpace\OM\EWARM\OM\Obj\main.o
#        D:\03_Workspace\01_Software_WorkSpace\OM\EWARM\OM\Obj\ml202.o
#        D:\03_Workspace\01_Software_WorkSpace\OM\EWARM\OM\Obj\power.o
#        D:\03_Workspace\01_Software_WorkSpace\OM\EWARM\OM\Obj\rtc.o
#        D:\03_Workspace\01_Software_WorkSpace\OM\EWARM\OM\Obj\startup_stm32l051xx.o
#        D:\03_Workspace\01_Software_WorkSpace\OM\EWARM\OM\Obj\stm32l0xx_hal.o
#        D:\03_Workspace\01_Software_WorkSpace\OM\EWARM\OM\Obj\stm32l0xx_hal_cortex.o
#        D:\03_Workspace\01_Software_WorkSpace\OM\EWARM\OM\Obj\stm32l0xx_hal_dma.o
#        D:\03_Workspace\01_Software_WorkSpace\OM\EWARM\OM\Obj\stm32l0xx_hal_exti.o
#        D:\03_Workspace\01_Software_WorkSpace\OM\EWARM\OM\Obj\stm32l0xx_hal_flash.o
#        D:\03_Workspace\01_Software_WorkSpace\OM\EWARM\OM\Obj\stm32l0xx_hal_flash_ex.o
#        D:\03_Workspace\01_Software_WorkSpace\OM\EWARM\OM\Obj\stm32l0xx_hal_flash_ramfunc.o
#        D:\03_Workspace\01_Software_WorkSpace\OM\EWARM\OM\Obj\stm32l0xx_hal_gpio.o
#        D:\03_Workspace\01_Software_WorkSpace\OM\EWARM\OM\Obj\stm32l0xx_hal_i2c.o
#        D:\03_Workspace\01_Software_WorkSpace\OM\EWARM\OM\Obj\stm32l0xx_hal_i2c_ex.o
#        D:\03_Workspace\01_Software_WorkSpace\OM\EWARM\OM\Obj\stm32l0xx_hal_msp.o
#        D:\03_Workspace\01_Software_WorkSpace\OM\EWARM\OM\Obj\stm32l0xx_hal_pwr.o
#        D:\03_Workspace\01_Software_WorkSpace\OM\EWARM\OM\Obj\stm32l0xx_hal_pwr_ex.o
#        D:\03_Workspace\01_Software_WorkSpace\OM\EWARM\OM\Obj\stm32l0xx_hal_rcc.o
#        D:\03_Workspace\01_Software_WorkSpace\OM\EWARM\OM\Obj\stm32l0xx_hal_rcc_ex.o
#        D:\03_Workspace\01_Software_WorkSpace\OM\EWARM\OM\Obj\stm32l0xx_hal_rtc.o
#        D:\03_Workspace\01_Software_WorkSpace\OM\EWARM\OM\Obj\stm32l0xx_hal_rtc_ex.o
#        D:\03_Workspace\01_Software_WorkSpace\OM\EWARM\OM\Obj\stm32l0xx_hal_tim.o
#        D:\03_Workspace\01_Software_WorkSpace\OM\EWARM\OM\Obj\stm32l0xx_hal_tim_ex.o
#        D:\03_Workspace\01_Software_WorkSpace\OM\EWARM\OM\Obj\stm32l0xx_hal_uart.o
#        D:\03_Workspace\01_Software_WorkSpace\OM\EWARM\OM\Obj\stm32l0xx_hal_uart_ex.o
#        D:\03_Workspace\01_Software_WorkSpace\OM\EWARM\OM\Obj\stm32l0xx_it.o
#        D:\03_Workspace\01_Software_WorkSpace\OM\EWARM\OM\Obj\system_stm32l0xx.o
#        D:\03_Workspace\01_Software_WorkSpace\OM\EWARM\OM\Obj\tim.o
#        D:\03_Workspace\01_Software_WorkSpace\OM\EWARM\OM\Obj\transfer.o
#        D:\03_Workspace\01_Software_WorkSpace\OM\EWARM\OM\Obj\usart.o
#        --no_out_extension -o
#        D:\03_Workspace\01_Software_WorkSpace\OM\EWARM\OM\Exe\OM.out
#        --redirect _Printf=_PrintfFullNoMb --redirect _Scanf=_ScanfFullNoMb
#        --map D:\03_Workspace\01_Software_WorkSpace\OM\EWARM\OM\List\OM.map
#        --config
#        D:\03_Workspace\01_Software_WorkSpace\OM\EWARM/stm32l051xx_flash.icf
#        --semihosting --entry __iar_program_start --vfe --text_out locale)
#
###############################################################################

*******************************************************************************
*** RUNTIME MODEL ATTRIBUTES
***

CppFlavor       = *
__SystemLibrary = DLib
__dlib_version  = 6


*******************************************************************************
*** HEAP SELECTION
***

The basic heap was selected because no calls to memory allocation
functions were found in the application outside of system library
functions, and there are calls to deallocation functions in the
application.


*******************************************************************************
*** PLACEMENT SUMMARY
***

"A0":  place at address 0x800'0000 { ro section .intvec };
"P1":  place in [from 0x800'0000 to 0x800'ffff] { ro };
define block CSTACK with size = 1K, alignment = 8 { };
define block HEAP with size = 512, alignment = 8 { };
"P2":  place in [from 0x2000'0000 to 0x2000'1fff] {
          rw, block CSTACK, block HEAP };
initialize by copy { rw };

  Section            Kind         Address    Size  Object
  -------            ----         -------    ----  ------
"A0":                                        0xc0
  .intvec            ro code   0x800'0000    0xc0  startup_stm32l051xx.o [1]
                             - 0x800'00c0    0xc0

"P1":                                      0x3d71
  .text              ro code   0x800'00c0   0xa64  stm32l0xx_hal_uart.o [1]
  .text              ro code   0x800'0b24   0x264  usart.o [1]
  .text              ro code   0x800'0d88   0x310  stm32l0xx_hal_dma.o [1]
  .text              ro code   0x800'1098     0x2  stm32l0xx_hal_uart.o [1]
  .text              ro code   0x800'109a     0x2  stm32l0xx_hal_uart.o [1]
  .text              ro code   0x800'109c     0x2  stm32l0xx_hal_uart_ex.o [1]
  .text              ro code   0x800'109e     0x2  stm32l0xx_hal_uart.o [1]
  .text              ro code   0x800'10a0   0x694  stm32l0xx_hal_rcc.o [1]
  .text              ro code   0x800'1734    0x36  I32DivMod.o [3]
  .text              ro code   0x800'176a    0x6a  I64DivMod.o [3]
  .text              ro code   0x800'17d4     0xc  stm32l0xx_hal.o [1]
  .text              ro code   0x800'17e0     0x2  stm32l0xx_hal_uart.o [1]
  .text              ro code   0x800'17e2     0x2  stm32l0xx_hal_uart.o [1]
  .text              ro code   0x800'17e4   0x228  main.o [1]
  .text              ro code   0x800'1a0c    0x28  stm32l0xx_hal.o [1]
  .text              ro code   0x800'1a34    0x10  ABImemset_small.o [3]
  .text              ro code   0x800'1a44   0x2ae  stm32l0xx_hal_gpio.o [1]
  .text              ro code   0x800'1cf2    0x7e  lz77_init_single.o [3]
  .text              ro code   0x800'1d70    0xac  stm32l0xx_hal_cortex.o [1]
  .text              ro code   0x800'1e1c    0x44  stm32l0xx_hal.o [1]
  .text              ro code   0x800'1e60    0x32  I64Mul.o [3]
  .text              ro code   0x800'1e92     0x2  startup_stm32l051xx.o [1]
  .text              ro code   0x800'1e94     0x2  IntDivZer.o [3]
  .text              ro code   0x800'1e96     0x2  startup_stm32l051xx.o [1]
  .text              ro code   0x800'1e98     0x2  I64DivZer.o [3]
  .text              ro code   0x800'1e9a     0x2  startup_stm32l051xx.o [1]
  .text              ro code   0x800'1e9c    0x28  stm32l0xx_hal.o [1]
  .text              ro code   0x800'1ec4   0x13c  gpio.o [1]
  .text              ro code   0x800'2000    0x3c  dma.o [1]
  .text              ro code   0x800'203c    0xd8  i2c.o [1]
  .text              ro code   0x800'2114    0x64  rtc.o [1]
  .text              ro code   0x800'2178    0xa4  tim.o [1]
  .text              ro code   0x800'221c   0x5ac  transfer.o [1]
  .text              ro code   0x800'27c8    0x4e  ABImemcpy.o [3]
  .text              ro code   0x800'2816     0x2  startup_stm32l051xx.o [1]
  .text              ro code   0x800'2818   0x13c  power.o [1]
  .text              ro code   0x800'2954   0x18c  stm32l0xx_hal_rcc_ex.o [1]
  .text              ro code   0x800'2ae0    0x1c  stm32l0xx_hal_msp.o [1]
  .text              ro code   0x800'2afc    0x14  memset.o [3]
  .text              ro code   0x800'2b10   0x6a4  stm32l0xx_hal_i2c.o [1]
  .text              ro code   0x800'31b4    0x8c  stm32l0xx_hal_i2c_ex.o [1]
  .text              ro code   0x800'3240   0x13c  stm32l0xx_hal_rtc.o [1]
  .text              ro code   0x800'337c   0x2f0  stm32l0xx_hal_tim.o [1]
  .text              ro code   0x800'366c    0x5c  stm32l0xx_hal_tim_ex.o [1]
  .text              ro code   0x800'36c8    0x24  ABIassert.o [4]
  .text              ro code   0x800'36ec    0x16  uread4.o [3]
  .text              ro code   0x800'3702     0x2  startup_stm32l051xx.o [1]
  .text              ro code   0x800'3704    0x14  uwrite4.o [3]
  .text              ro code   0x800'3718   0x1bc  stm32l0xx_hal_rtc_ex.o [1]
  .text              ro code   0x800'38d4    0x70  stm32l0xx_hal_pwr.o [1]
  .text              ro code   0x800'3944     0x2  stm32l0xx_hal_i2c.o [1]
  .text              ro code   0x800'3946     0x2  stm32l0xx_hal_i2c.o [1]
  .text              ro code   0x800'3948     0x2  stm32l0xx_hal_i2c.o [1]
  .text              ro code   0x800'394a     0x2  stm32l0xx_hal_i2c.o [1]
  .text              ro code   0x800'394c     0x2  stm32l0xx_hal_i2c.o [1]
  .text              ro code   0x800'394e     0x2  stm32l0xx_hal_i2c.o [1]
  .text              ro code   0x800'3950     0x2  stm32l0xx_hal_tim.o [1]
  .text              ro code   0x800'3952     0x2  stm32l0xx_hal_tim.o [1]
  .text              ro code   0x800'3954     0x2  stm32l0xx_hal_tim.o [1]
  .text              ro code   0x800'3956     0x2  stm32l0xx_hal_tim.o [1]
  .text              ro code   0x800'3958     0x2  stm32l0xx_hal_tim.o [1]
  .text              ro code   0x800'395a     0xa  abort.o [2]
  .text              ro code   0x800'3964     0x2  stm32l0xx_hal_rtc_ex.o [1]
  .text              ro code   0x800'3966     0x2  startup_stm32l051xx.o [1]
  .text              ro code   0x800'3968    0x14  exit.o [4]
  .text              ro code   0x800'397c   0x100  stm32l0xx_it.o [1]
  .text              ro code   0x800'3a7c    0x10  stm32l0xx_hal.o [1]
  .rodata            const     0x800'3a8c    0xa8  transfer.o [1]
  .rodata            const     0x800'3b34    0x40  transfer.o [1]
  .rodata            const     0x800'3b74    0x3c  transfer.o [1]
  .text              ro code   0x800'3bb0    0x3c  zero_init3.o [3]
  .rodata            const     0x800'3bec    0x30  transfer.o [1]
  .text              ro code   0x800'3c1c    0x28  data_init.o [3]
  .iar.init_table    const     0x800'3c44    0x20  - Linker created -
  .text              ro code   0x800'3c64    0x20  system_stm32l0xx.o [1]
  .text              ro code   0x800'3c84    0x1e  cmain.o [3]
  .text              ro code   0x800'3ca2     0x4  low_level_init.o [2]
  .text              ro code   0x800'3ca6     0x8  exit.o [2]
  .text              ro code   0x800'3cae     0x2  startup_stm32l051xx.o [1]
  .text              ro code   0x800'3cb0     0xa  cexit.o [3]
  .text              ro code   0x800'3cba     0x2  startup_stm32l051xx.o [1]
  .text              ro code   0x800'3cbc    0x10  startup_stm32l051xx.o [1]
  .text              ro code   0x800'3ccc     0xc  cstartup_M.o [3]
  .rodata            const     0x800'3cd8     0x8  system_stm32l0xx.o [1]
  .text              ro code   0x800'3ce0     0x2  startup_stm32l051xx.o [1]
  .text              ro code   0x800'3ce2     0x2  startup_stm32l051xx.o [1]
  .text              ro code   0x800'3ce4     0x2  startup_stm32l051xx.o [1]
  .text              ro code   0x800'3ce6     0x2  startup_stm32l051xx.o [1]
  .text              ro code   0x800'3ce8     0x2  startup_stm32l051xx.o [1]
  .text              ro code   0x800'3cea     0x2  startup_stm32l051xx.o [1]
  .text              ro code   0x800'3cec     0x2  startup_stm32l051xx.o [1]
  .text              ro code   0x800'3cee     0x2  startup_stm32l051xx.o [1]
  .rodata            const     0x800'3cf0     0x0  zero_init3.o [3]
  .rodata            const     0x800'3cf0     0x0  lz77_init_single.o [3]
  Initializer bytes  const     0x800'3cf0   0x141  <for P2-1>
                             - 0x800'3e31  0x3d71

"P2", part 1 of 3:                          0x324
  P2-1                        0x2000'0000   0x324  <Init block>
    .data            inited   0x2000'0000   0x114  main.o [1]
    .data            inited   0x2000'0114     0xc  stm32l0xx_hal.o [1]
    .data            inited   0x2000'0120     0x4  system_stm32l0xx.o [1]
    .data            inited   0x2000'0124   0x200  transfer.o [1]
                            - 0x2000'0324   0x324

"P2", part 2 of 3:                          0x5e4
  .bss               zero     0x2000'0324   0x188  usart.o [1]
  .bss               zero     0x2000'04ac   0x188  usart.o [1]
  .bss               zero     0x2000'0634   0x120  usart.o [1]
  .bss               zero     0x2000'0754   0x100  stm32l0xx_it.o [1]
  .bss               zero     0x2000'0854    0x4c  i2c.o [1]
  .bss               zero     0x2000'08a0    0x40  tim.o [1]
  .bss               zero     0x2000'08e0    0x24  rtc.o [1]
  .bss               zero     0x2000'0904     0x1  stm32l0xx_it.o [1]
                            - 0x2000'0905   0x5e1

"P2", part 3 of 3:                          0x400
  CSTACK                      0x2000'0908   0x400  <Block>
    CSTACK           uninit   0x2000'0908   0x400  <Block tail>
                            - 0x2000'0d08   0x400

Unused ranges:

         From           To    Size
         ----           --    ----
   0x800'3e31   0x800'ffff  0xc1cf
  0x2000'0d08  0x2000'1fff  0x12f8


*******************************************************************************
*** INIT TABLE
***

          Address      Size
          -------      ----
Zero (__iar_zero_init3)
    1 destination range, total size 0x5e1:
          0x2000'0324  0x5e1

Copy/lz77 (__iar_lz77_init_single3)
    1 source range, total size 0x141 (39% of destination):
           0x800'3cf0  0x141
    1 destination range, total size 0x324:
          0x2000'0000  0x324



*******************************************************************************
*** MODULE SUMMARY
***

    Module                   ro code  ro data  rw data
    ------                   -------  -------  -------
command line/config:
    --------------------------------------------------
    Total:

D:\03_Workspace\01_Software_WorkSpace\OM\EWARM\OM\Obj: [1]
    dma.o                         60
    gpio.o                       316
    i2c.o                        216                76
    main.o                       552      110      276
    power.o                      316
    rtc.o                        100                36
    startup_stm32l051xx.o        240
    stm32l0xx_hal.o              176        4       12
    stm32l0xx_hal_cortex.o       172
    stm32l0xx_hal_dma.o          784
    stm32l0xx_hal_gpio.o         686
    stm32l0xx_hal_i2c.o        1'712
    stm32l0xx_hal_i2c_ex.o       140
    stm32l0xx_hal_msp.o           28
    stm32l0xx_hal_pwr.o          112
    stm32l0xx_hal_rcc.o        1'684
    stm32l0xx_hal_rcc_ex.o       396
    stm32l0xx_hal_rtc.o          316
    stm32l0xx_hal_rtc_ex.o       446
    stm32l0xx_hal_tim.o          762
    stm32l0xx_hal_tim_ex.o        92
    stm32l0xx_hal_uart.o       2'670
    stm32l0xx_hal_uart_ex.o        2
    stm32l0xx_it.o               256               257
    system_stm32l0xx.o            32       10        4
    tim.o                        164                64
    transfer.o                 1'452      545      512
    usart.o                      612             1'072
    --------------------------------------------------
    Total:                    14'494      669    2'309

dl6M_tlf.a: [2]
    abort.o                       10
    exit.o                         8
    low_level_init.o               4
    --------------------------------------------------
    Total:                        22

rt6M_tl.a: [3]
    ABImemcpy.o                   78
    ABImemset_small.o             16
    I32DivMod.o                   54
    I64DivMod.o                  106
    I64DivZer.o                    2
    I64Mul.o                      50
    IntDivZer.o                    2
    cexit.o                       10
    cmain.o                       30
    cstartup_M.o                  12
    data_init.o                   40
    lz77_init_single.o           126
    memset.o                      20
    uread4.o                      22
    uwrite4.o                     20
    zero_init3.o                  60
    --------------------------------------------------
    Total:                       648

shb_l.a: [4]
    ABIassert.o                   36
    exit.o                        20
    --------------------------------------------------
    Total:                        56

    Linker created                         32    1'024
------------------------------------------------------
    Grand Total:              15'220      701    3'333


*******************************************************************************
*** ENTRY LIST
***

Entry                       Address   Size  Type      Object
-----                       -------   ----  ----      ------
.iar.init_table$$Base    0x800'3c44          --   Gb  - Linker created -
.iar.init_table$$Limit   0x800'3c64          --   Gb  - Linker created -
?main                    0x800'3c85         Code  Gb  cmain.o [3]
AHBPrescTable            0x800'3c68   0x10  Data  Gb  system_stm32l0xx.o [1]
APBPrescTable            0x800'3cd8    0x8  Data  Gb  system_stm32l0xx.o [1]
Blink                    0x800'17fd   0x34  Code  Gb  main.o [1]
CSTACK$$Base            0x2000'0908          --   Gb  - Linker created -
CSTACK$$Limit           0x2000'0d08          --   Gb  - Linker created -
DMA1_Channel2_3_IRQHandler
                         0x800'39a7   0x10  Code  Gb  stm32l0xx_it.o [1]
DMA1_Channel4_5_6_7_IRQHandler
                         0x800'39b7   0x10  Code  Gb  stm32l0xx_it.o [1]
DMA_SetConfig            0x800'1071   0x28  Code  Lc  stm32l0xx_hal_dma.o [1]
EXTI4_15_IRQHandler      0x800'3997   0x10  Code  Gb  stm32l0xx_it.o [1]
Error_Handler            0x800'1a09    0x4  Code  Gb  main.o [1]
GetCRC16                 0x800'221d   0x2a  Code  Gb  transfer.o [1]
GpioLowPowerConfig       0x800'2819   0x92  Code  Gb  power.o [1]
HAL_DMA_Abort            0x800'0eeb   0x4a  Code  Gb  stm32l0xx_hal_dma.o [1]
HAL_DMA_Abort_IT         0x800'0f35   0x4e  Code  Gb  stm32l0xx_hal_dma.o [1]
HAL_DMA_DeInit           0x800'0e0d   0x5e  Code  Gb  stm32l0xx_hal_dma.o [1]
HAL_DMA_GetError         0x800'106d    0x4  Code  Gb  stm32l0xx_hal_dma.o [1]
HAL_DMA_GetState         0x800'1067    0x6  Code  Gb  stm32l0xx_hal_dma.o [1]
HAL_DMA_IRQHandler       0x800'0f83   0xe4  Code  Gb  stm32l0xx_hal_dma.o [1]
HAL_DMA_Init             0x800'0d89   0x84  Code  Gb  stm32l0xx_hal_dma.o [1]
HAL_DMA_Start_IT         0x800'0e7d   0x6e  Code  Gb  stm32l0xx_hal_dma.o [1]
HAL_Delay                0x800'1a0d   0x28  Code  Wk  stm32l0xx_hal.o [1]
HAL_GPIO_DeInit          0x800'1bb9   0xda  Code  Gb  stm32l0xx_hal_gpio.o [1]
HAL_GPIO_EXTI_IRQHandler
                         0x800'1cbb   0x14  Code  Gb  stm32l0xx_hal_gpio.o [1]
HAL_GPIO_Init            0x800'1a45  0x174  Code  Gb  stm32l0xx_hal_gpio.o [1]
HAL_GPIO_ReadPin         0x800'1c93    0xc  Code  Gb  stm32l0xx_hal_gpio.o [1]
HAL_GPIO_TogglePin       0x800'1cab   0x10  Code  Gb  stm32l0xx_hal_gpio.o [1]
HAL_GPIO_WritePin        0x800'1c9f    0xc  Code  Gb  stm32l0xx_hal_gpio.o [1]
HAL_GetTick              0x800'17d5    0xc  Code  Wk  stm32l0xx_hal.o [1]
HAL_I2CEx_ConfigAnalogFilter
                         0x800'31b5   0x3a  Code  Gb  stm32l0xx_hal_i2c_ex.o [1]
HAL_I2CEx_ConfigDigitalFilter
                         0x800'31ef   0x36  Code  Gb  stm32l0xx_hal_i2c_ex.o [1]
HAL_I2C_ER_IRQHandler    0x800'2bd9   0x5c  Code  Gb  stm32l0xx_hal_i2c.o [1]
HAL_I2C_EV_IRQHandler    0x800'2bc5   0x14  Code  Gb  stm32l0xx_hal_i2c.o [1]
HAL_I2C_Init             0x800'2b11   0xa8  Code  Gb  stm32l0xx_hal_i2c.o [1]
HAL_I2C_MspInit          0x800'208b   0x76  Code  Gb  i2c.o [1]
HAL_IncTick              0x800'3a7d   0x10  Code  Wk  stm32l0xx_hal.o [1]
HAL_Init                 0x800'1e9d   0x24  Code  Gb  stm32l0xx_hal.o [1]
HAL_InitTick             0x800'1e1d   0x44  Code  Wk  stm32l0xx_hal.o [1]
HAL_MspInit              0x800'2ae1   0x1c  Code  Gb  stm32l0xx_hal_msp.o [1]
HAL_NVIC_DisableIRQ      0x800'1dc5   0x1a  Code  Gb  stm32l0xx_hal_cortex.o [1]
HAL_NVIC_EnableIRQ       0x800'1db3   0x12  Code  Gb  stm32l0xx_hal_cortex.o [1]
HAL_NVIC_SetPriority     0x800'1dab    0x8  Code  Gb  stm32l0xx_hal_cortex.o [1]
HAL_PWR_EnterSTOPMode    0x800'38d5   0x5e  Code  Gb  stm32l0xx_hal_pwr.o [1]
HAL_RCCEx_PeriphCLKConfig
                         0x800'2955  0x164  Code  Gb  stm32l0xx_hal_rcc_ex.o [1]
HAL_RCC_ClockConfig      0x800'14c5  0x194  Code  Gb  stm32l0xx_hal_rcc.o [1]
HAL_RCC_GetPCLK1Freq     0x800'16db    0xe  Code  Gb  stm32l0xx_hal_rcc.o [1]
HAL_RCC_GetPCLK2Freq     0x800'16f1    0xc  Code  Gb  stm32l0xx_hal_rcc.o [1]
HAL_RCC_GetSysClockFreq
                         0x800'1669   0x72  Code  Gb  stm32l0xx_hal_rcc.o [1]
HAL_RCC_OscConfig        0x800'10a1  0x414  Code  Gb  stm32l0xx_hal_rcc.o [1]
HAL_RTCEx_DeactivateWakeUpTimer
                         0x800'380b   0x7c  Code  Gb  stm32l0xx_hal_rtc_ex.o [1]
HAL_RTCEx_SetWakeUpTimer_IT
                         0x800'3719   0xba  Code  Gb  stm32l0xx_hal_rtc_ex.o [1]
HAL_RTCEx_WakeUpTimerIRQHandler
                         0x800'3889   0x30  Code  Gb  stm32l0xx_hal_rtc_ex.o [1]
HAL_RTC_Init             0x800'3241   0xc2  Code  Gb  stm32l0xx_hal_rtc.o [1]
HAL_RTC_MspInit          0x800'213f   0x2a  Code  Gb  rtc.o [1]
HAL_RTC_WaitForSynchro   0x800'3309   0x30  Code  Gb  stm32l0xx_hal_rtc.o [1]
HAL_SYSTICK_Config       0x800'1ddf   0x28  Code  Gb  stm32l0xx_hal_cortex.o [1]
HAL_TIMEx_MasterConfigSynchronization
                         0x800'366d   0x54  Code  Gb  stm32l0xx_hal_tim_ex.o [1]
HAL_TIM_Base_Init        0x800'337d   0x46  Code  Gb  stm32l0xx_hal_tim.o [1]
HAL_TIM_Base_MspInit     0x800'21e5   0x2a  Code  Gb  tim.o [1]
HAL_TIM_IRQHandler       0x800'33cb  0x11a  Code  Gb  stm32l0xx_hal_tim.o [1]
HAL_TIM_SlaveConfigSynchro
                         0x800'34e5   0x38  Code  Gb  stm32l0xx_hal_tim.o [1]
HAL_UARTEx_WakeupCallback
                         0x800'109d    0x2  Code  Wk  stm32l0xx_hal_uart_ex.o [1]
HAL_UART_DMAStop         0x800'0265   0x82  Code  Gb  stm32l0xx_hal_uart.o [1]
HAL_UART_DeInit          0x800'012d   0x3e  Code  Gb  stm32l0xx_hal_uart.o [1]
HAL_UART_IRQHandler      0x800'02f5  0x21e  Code  Gb  stm32l0xx_hal_uart.o [1]
HAL_UART_Init            0x800'00c1   0x56  Code  Gb  stm32l0xx_hal_uart.o [1]
HAL_UART_MspDeInit       0x800'0cf7   0x5a  Code  Gb  usart.o [1]
HAL_UART_MspInit         0x800'0b89  0x16e  Code  Gb  usart.o [1]
HAL_UART_Receive_DMA     0x800'0205   0x5c  Code  Gb  stm32l0xx_hal_uart.o [1]
HAL_UART_RxCpltCallback
                         0x800'0d51   0x10  Code  Gb  usart.o [1]
HAL_UART_Transmit_DMA    0x800'016b   0x9a  Code  Gb  stm32l0xx_hal_uart.o [1]
HardFault_Handler        0x800'397f    0x2  Code  Gb  stm32l0xx_it.o [1]
I2C1_IRQHandler          0x800'39d1   0x1c  Code  Gb  stm32l0xx_it.o [1]
I2C_DMAAbort             0x800'3135   0x1c  Code  Lc  stm32l0xx_hal_i2c.o [1]
I2C_Disable_IRQ          0x800'3151   0x64  Code  Lc  stm32l0xx_hal_i2c.o [1]
I2C_Flush_TXDR           0x800'30f7   0x1c  Code  Lc  stm32l0xx_hal_i2c.o [1]
I2C_ITAddrCplt           0x800'2d61   0x9a  Code  Lc  stm32l0xx_hal_i2c.o [1]
I2C_ITError              0x800'2fed   0xd4  Code  Lc  stm32l0xx_hal_i2c.o [1]
I2C_ITListenCplt         0x800'2f81   0x5c  Code  Lc  stm32l0xx_hal_i2c.o [1]
I2C_ITSlaveCplt          0x800'2e5f  0x122  Code  Lc  stm32l0xx_hal_i2c.o [1]
I2C_ITSlaveSeqCplt       0x800'2dfb   0x64  Code  Lc  stm32l0xx_hal_i2c.o [1]
I2C_Slave_ISR_IT         0x800'2c35  0x120  Code  Lc  stm32l0xx_hal_i2c.o [1]
I2C_TreatErrorCallback   0x800'30c9   0x2e  Code  Lc  stm32l0xx_hal_i2c.o [1]
IntoStopModeWithRTC      0x800'28c5   0x28  Code  Gb  power.o [1]
Lora_EnterInto_LowPower
                        0x2000'0004   0x10  Data  Gb  main.o [1]
MX_DMA_Init              0x800'2001   0x3c  Code  Gb  dma.o [1]
MX_GPIO_Init             0x800'1ec5  0x13c  Code  Gb  gpio.o [1]
MX_I2C1_Init             0x800'203d   0x4e  Code  Gb  i2c.o [1]
MX_RTC_Init              0x800'2115   0x2a  Code  Gb  rtc.o [1]
MX_TIM2_Init             0x800'2179   0x6c  Code  Gb  tim.o [1]
MX_USART1_UART_Init      0x800'0b25    0xe  Code  Gb  usart.o [1]
MX_USART2_UART_Init      0x800'0b33    0xc  Code  Gb  usart.o [1]
NMI_Handler              0x800'397d    0x2  Code  Gb  stm32l0xx_it.o [1]
Outputbuffer_len        0x2000'0904    0x1  Data  Gb  stm32l0xx_it.o [1]
PLLMulTable              0x800'3c78    0xc  Data  Gb  system_stm32l0xx.o [1]
PendSV_Handler           0x800'3983    0x2  Code  Gb  stm32l0xx_it.o [1]
PreIntoStopMode          0x800'28ab   0x1a  Code  Gb  power.o [1]
RTC_EnterInitMode        0x800'3341   0x36  Code  Gb  stm32l0xx_hal_rtc.o [1]
RTC_IRQHandler           0x800'398d    0xa  Code  Gb  stm32l0xx_it.o [1]
Region$$Table$$Base      0x800'3c44          --   Gb  - Linker created -
Region$$Table$$Limit     0x800'3c64          --   Gb  - Linker created -
SVC_Handler              0x800'3981    0x2  Code  Gb  stm32l0xx_it.o [1]
Send_Number             0x2000'0000    0x1  Data  Gb  main.o [1]
Send_data_node          0x2000'0754  0x100  Data  Gb  stm32l0xx_it.o [1]
SysTick_Handler          0x800'3985    0x8  Code  Gb  stm32l0xx_it.o [1]
SystemClock_Config       0x800'1945   0x96  Code  Gb  main.o [1]
SystemCoreClock         0x2000'0120    0x4  Data  Gb  system_stm32l0xx.o [1]
SystemInit               0x800'3c65    0x2  Code  Gb  system_stm32l0xx.o [1]
TIM2_IRQHandler          0x800'39c7    0xa  Code  Gb  stm32l0xx_it.o [1]
TIM_Base_SetConfig       0x800'353b   0x4e  Code  Lc  stm32l0xx_hal_tim.o [1]
TIM_ETR_SetConfig        0x800'3645   0x14  Code  Lc  stm32l0xx_hal_tim.o [1]
TIM_SlaveTimer_SetConfig
                         0x800'358d   0x72  Code  Lc  stm32l0xx_hal_tim.o [1]
TIM_TI1_ConfigInputStage
                         0x800'35ff   0x22  Code  Lc  stm32l0xx_hal_tim.o [1]
TIM_TI2_ConfigInputStage
                         0x800'3621   0x24  Code  Lc  stm32l0xx_hal_tim.o [1]
UART_AdvFeatureConfig    0x800'073d   0xc8  Code  Gb  stm32l0xx_hal_uart.o [1]
UART_CheckIdleState      0x800'0805   0x60  Code  Gb  stm32l0xx_hal_uart.o [1]
UART_DMAAbortOnError     0x800'0b07   0x14  Code  Lc  stm32l0xx_hal_uart.o [1]
UART_DMAError            0x800'0ab9   0x4e  Code  Lc  stm32l0xx_hal_uart.o [1]
UART_DMAReceiveCplt      0x800'0a27   0x5c  Code  Lc  stm32l0xx_hal_uart.o [1]
UART_DMARxHalfCplt       0x800'0a9d   0x1c  Code  Lc  stm32l0xx_hal_uart.o [1]
UART_DMATransmitCplt     0x800'09ed   0x30  Code  Lc  stm32l0xx_hal_uart.o [1]
UART_DMATxHalfCplt       0x800'0a1d    0xa  Code  Lc  stm32l0xx_hal_uart.o [1]
UART_EndRxTransfer       0x800'09a9   0x30  Code  Lc  stm32l0xx_hal_uart.o [1]
UART_EndTxTransfer       0x800'0999   0x10  Code  Lc  stm32l0xx_hal_uart.o [1]
UART_SetConfig           0x800'0529  0x1f6  Code  Gb  stm32l0xx_hal_uart.o [1]
UART_Start_Receive_DMA   0x800'091d   0x6c  Code  Gb  stm32l0xx_hal_uart.o [1]
UART_WaitOnFlagUntilTimeout
                         0x800'086d   0xa2  Code  Gb  stm32l0xx_hal_uart.o [1]
USART1_IRQHandler        0x800'39ed   0x34  Code  Gb  stm32l0xx_it.o [1]
USART2_IRQHandler        0x800'3a21   0x30  Code  Gb  stm32l0xx_it.o [1]
Usart1_Receive_t        0x2000'03a8  0x104  Data  Gb  usart.o [1]
Usart2_Receive_t        0x2000'0530  0x104  Data  Gb  usart.o [1]
WakeFromStopMode         0x800'28ed   0x3e  Code  Gb  power.o [1]
__NVIC_SetPriority       0x800'1d71   0x3a  Code  Lc  stm32l0xx_hal_cortex.o [1]
__aeabi_assert           0x800'36c9   0x24  Code  Gb  ABIassert.o [4]
__aeabi_idiv0            0x800'1e95         Code  Gb  IntDivZer.o [3]
__aeabi_ldiv0            0x800'1e99         Code  Gb  I64DivZer.o [3]
__aeabi_lmul             0x800'1e61         Code  Gb  I64Mul.o [3]
__aeabi_memcpy           0x800'27fd         Code  Gb  ABImemcpy.o [3]
__aeabi_memcpy4          0x800'27c9         Code  Gb  ABImemcpy.o [3]
__aeabi_memcpy8          0x800'27c9         Code  Gb  ABImemcpy.o [3]
__aeabi_uldivmod         0x800'176b         Code  Gb  I64DivMod.o [3]
__aeabi_uread4           0x800'36ed         Code  Gb  uread4.o [3]
__aeabi_uwrite4          0x800'3705         Code  Gb  uwrite4.o [3]
__cmain                  0x800'3c85         Code  Gb  cmain.o [3]
__exit                   0x800'3969   0x14  Code  Gb  exit.o [4]
__iar_Memcpy             0x800'2809         Code  Gb  ABImemcpy.o [3]
__iar_data_init3         0x800'3c1d   0x28  Code  Gb  data_init.o [3]
__iar_lz77_init_single3
                         0x800'1cf3   0x7e  Code  Gb  lz77_init_single.o [3]
__iar_program_start      0x800'3ccd         Code  Gb  cstartup_M.o [3]
__iar_small_Memset4_word
                         0x800'1a39         Code  Gb  ABImemset_small.o [3]
__iar_small_Memset_word
                         0x800'1a39         Code  Gb  ABImemset_small.o [3]
__iar_small_memclr       0x800'1a35         Code  Gb  ABImemset_small.o [3]
__iar_small_memclr4      0x800'1a35         Code  Gb  ABImemset_small.o [3]
__iar_small_memclr8      0x800'1a35         Code  Gb  ABImemset_small.o [3]
__iar_small_memset       0x800'1a39         Code  Gb  ABImemset_small.o [3]
__iar_small_memset4      0x800'1a39         Code  Gb  ABImemset_small.o [3]
__iar_small_memset8      0x800'1a39         Code  Gb  ABImemset_small.o [3]
__iar_small_uidiv        0x800'1735         Code  Gb  I32DivMod.o [3]
__iar_small_uidivmod     0x800'1735         Code  Gb  I32DivMod.o [3]
__iar_zero_init3         0x800'3bb1   0x3c  Code  Gb  zero_init3.o [3]
__low_level_init         0x800'3ca3    0x4  Code  Gb  low_level_init.o [2]
__vector_table           0x800'0000         Data  Gb  startup_stm32l051xx.o [1]
_call_main               0x800'3c91         Code  Gb  cmain.o [3]
_exit                    0x800'3cb1         Code  Gb  cexit.o [3]
_main                    0x800'3c9f         Code  Gb  cmain.o [3]
abort                    0x800'395b    0xa  Code  Gb  abort.o [2]
auchCRCHi               0x2000'0124  0x100  Data  Lc  transfer.o [1]
auchCRCLo               0x2000'0224  0x100  Data  Lc  transfer.o [1]
checkPack                0x800'17e5   0x18  Code  Gb  main.o [1]
exit                     0x800'3ca7    0x8  Code  Gb  exit.o [2]
hdma_usart1_rx          0x2000'0634   0x48  Data  Gb  usart.o [1]
hdma_usart1_tx          0x2000'067c   0x48  Data  Gb  usart.o [1]
hdma_usart2_rx          0x2000'06c4   0x48  Data  Gb  usart.o [1]
hdma_usart2_tx          0x2000'070c   0x48  Data  Gb  usart.o [1]
hi2c1                   0x2000'0854   0x4c  Data  Gb  i2c.o [1]
hrtc                    0x2000'08e0   0x24  Data  Gb  rtc.o [1]
htim2                   0x2000'08a0   0x40  Data  Gb  tim.o [1]
huart1                  0x2000'0324   0x84  Data  Gb  usart.o [1]
huart2                  0x2000'04ac   0x84  Data  Gb  usart.o [1]
main                     0x800'1831  0x114  Code  Gb  main.o [1]
makeupNetworkPacket      0x800'2731   0x7a  Code  Gb  transfer.o [1]
memset                   0x800'2afd   0x14  Code  Gb  memset.o [3]
pBufOut                 0x2000'0014  0x100  Data  Gb  main.o [1]
reverse                  0x800'2249   0x44  Code  Gb  transfer.o [1]
transfer                 0x800'2681   0xae  Code  Gb  transfer.o [1]
transfer_jxtx            0x800'24d9  0x1a4  Code  Gb  transfer.o [1]
transfer_moa             0x800'2295  0x116  Code  Gb  transfer.o [1]
transfer_sf6ws           0x800'23ab  0x122  Code  Gb  transfer.o [1]
uwTick                  0x2000'0118    0x4  Data  Gb  stm32l0xx_hal.o [1]
uwTickFreq              0x2000'0114    0x1  Data  Gb  stm32l0xx_hal.o [1]
uwTickPrio              0x2000'011c    0x4  Data  Gb  stm32l0xx_hal.o [1]


[1] = D:\03_Workspace\01_Software_WorkSpace\OM\EWARM\OM\Obj
[2] = dl6M_tlf.a
[3] = rt6M_tl.a
[4] = shb_l.a

  15'220 bytes of readonly  code memory
     701 bytes of readonly  data memory
   3'333 bytes of readwrite data memory

Errors: none
Warnings: none
