###############################################################################
#
# IAR ELF Linker V8.40.2.214/W32 for ARM                  04/Jun/2021  13:30:43
# Copyright 2007-2019 IAR Systems AB.
#
#    Output file  =
#        D:\03_Workspace\01_Software_WorkSpace\OM\EWARM\OM\Exe\OM.out
#    Map file     =
#        D:\03_Workspace\01_Software_WorkSpace\OM\EWARM\OM\List\OM.map
#    Command line =
#        -f C:\Users\OuMiao\AppData\Local\Temp\EW60EA.tmp
#        (D:\03_Workspace\01_Software_WorkSpace\OM\EWARM\OM\Obj\dma.o
#        D:\03_Workspace\01_Software_WorkSpace\OM\EWARM\OM\Obj\gpio.o
#        D:\03_Workspace\01_Software_WorkSpace\OM\EWARM\OM\Obj\i2c.o
#        D:\03_Workspace\01_Software_WorkSpace\OM\EWARM\OM\Obj\main.o
#        D:\03_Workspace\01_Software_WorkSpace\OM\EWARM\OM\Obj\ml202.o
#        D:\03_Workspace\01_Software_WorkSpace\OM\EWARM\OM\Obj\power.o
#        D:\03_Workspace\01_Software_WorkSpace\OM\EWARM\OM\Obj\rtc.o
#        D:\03_Workspace\01_Software_WorkSpace\OM\EWARM\OM\Obj\startup_stm32l051xx.o
#        D:\03_Workspace\01_Software_WorkSpace\OM\EWARM\OM\Obj\stm32l0xx_hal.o
#        D:\03_Workspace\01_Software_WorkSpace\OM\EWARM\OM\Obj\stm32l0xx_hal_cortex.o
#        D:\03_Workspace\01_Software_WorkSpace\OM\EWARM\OM\Obj\stm32l0xx_hal_dma.o
#        D:\03_Workspace\01_Software_WorkSpace\OM\EWARM\OM\Obj\stm32l0xx_hal_exti.o
#        D:\03_Workspace\01_Software_WorkSpace\OM\EWARM\OM\Obj\stm32l0xx_hal_flash.o
#        D:\03_Workspace\01_Software_WorkSpace\OM\EWARM\OM\Obj\stm32l0xx_hal_flash_ex.o
#        D:\03_Workspace\01_Software_WorkSpace\OM\EWARM\OM\Obj\stm32l0xx_hal_flash_ramfunc.o
#        D:\03_Workspace\01_Software_WorkSpace\OM\EWARM\OM\Obj\stm32l0xx_hal_gpio.o
#        D:\03_Workspace\01_Software_WorkSpace\OM\EWARM\OM\Obj\stm32l0xx_hal_i2c.o
#        D:\03_Workspace\01_Software_WorkSpace\OM\EWARM\OM\Obj\stm32l0xx_hal_i2c_ex.o
#        D:\03_Workspace\01_Software_WorkSpace\OM\EWARM\OM\Obj\stm32l0xx_hal_msp.o
#        D:\03_Workspace\01_Software_WorkSpace\OM\EWARM\OM\Obj\stm32l0xx_hal_pwr.o
#        D:\03_Workspace\01_Software_WorkSpace\OM\EWARM\OM\Obj\stm32l0xx_hal_pwr_ex.o
#        D:\03_Workspace\01_Software_WorkSpace\OM\EWARM\OM\Obj\stm32l0xx_hal_rcc.o
#        D:\03_Workspace\01_Software_WorkSpace\OM\EWARM\OM\Obj\stm32l0xx_hal_rcc_ex.o
#        D:\03_Workspace\01_Software_WorkSpace\OM\EWARM\OM\Obj\stm32l0xx_hal_rtc.o
#        D:\03_Workspace\01_Software_WorkSpace\OM\EWARM\OM\Obj\stm32l0xx_hal_rtc_ex.o
#        D:\03_Workspace\01_Software_WorkSpace\OM\EWARM\OM\Obj\stm32l0xx_hal_tim.o
#        D:\03_Workspace\01_Software_WorkSpace\OM\EWARM\OM\Obj\stm32l0xx_hal_tim_ex.o
#        D:\03_Workspace\01_Software_WorkSpace\OM\EWARM\OM\Obj\stm32l0xx_hal_uart.o
#        D:\03_Workspace\01_Software_WorkSpace\OM\EWARM\OM\Obj\stm32l0xx_hal_uart_ex.o
#        D:\03_Workspace\01_Software_WorkSpace\OM\EWARM\OM\Obj\stm32l0xx_it.o
#        D:\03_Workspace\01_Software_WorkSpace\OM\EWARM\OM\Obj\system_stm32l0xx.o
#        D:\03_Workspace\01_Software_WorkSpace\OM\EWARM\OM\Obj\tim.o
#        D:\03_Workspace\01_Software_WorkSpace\OM\EWARM\OM\Obj\transfer.o
#        D:\03_Workspace\01_Software_WorkSpace\OM\EWARM\OM\Obj\usart.o
#        --no_out_extension -o
#        D:\03_Workspace\01_Software_WorkSpace\OM\EWARM\OM\Exe\OM.out
#        --redirect _Printf=_PrintfFullNoMb --redirect _Scanf=_ScanfFullNoMb
#        --map D:\03_Workspace\01_Software_WorkSpace\OM\EWARM\OM\List\OM.map
#        --config
#        D:\03_Workspace\01_Software_WorkSpace\OM\EWARM/stm32l051xx_flash.icf
#        --semihosting --entry __iar_program_start --vfe --text_out locale)
#
###############################################################################

*******************************************************************************
*** RUNTIME MODEL ATTRIBUTES
***

CppFlavor       = *
__SystemLibrary = DLib
__dlib_version  = 6


*******************************************************************************
*** HEAP SELECTION
***

The basic heap was selected because no calls to memory allocation
functions were found in the application outside of system library
functions, and there are calls to deallocation functions in the
application.


*******************************************************************************
*** PLACEMENT SUMMARY
***

"A0":  place at address 0x800'0000 { ro section .intvec };
"P1":  place in [from 0x800'0000 to 0x800'ffff] { ro };
define block CSTACK with size = 1K, alignment = 8 { };
define block HEAP with size = 512, alignment = 8 { };
"P2":  place in [from 0x2000'0000 to 0x2000'1fff] {
          rw, block CSTACK, block HEAP };
initialize by copy { rw };

  Section            Kind         Address    Size  Object
  -------            ----         -------    ----  ------
"A0":                                        0xc0
  .intvec            ro code   0x800'0000    0xc0  startup_stm32l051xx.o [1]
                             - 0x800'00c0    0xc0

"P1":                                      0x3e14
  .text              ro code   0x800'00c0   0xa64  stm32l0xx_hal_uart.o [1]
  .text              ro code   0x800'0b24   0x264  usart.o [1]
  .text              ro code   0x800'0d88   0x310  stm32l0xx_hal_dma.o [1]
  .text              ro code   0x800'1098     0x2  stm32l0xx_hal_uart.o [1]
  .text              ro code   0x800'109a     0x2  stm32l0xx_hal_uart.o [1]
  .text              ro code   0x800'109c     0x2  stm32l0xx_hal_uart_ex.o [1]
  .text              ro code   0x800'109e     0x2  stm32l0xx_hal_uart.o [1]
  .text              ro code   0x800'10a0   0x694  stm32l0xx_hal_rcc.o [1]
  .text              ro code   0x800'1734    0x36  I32DivMod.o [3]
  .text              ro code   0x800'176a    0x6a  I64DivMod.o [3]
  .text              ro code   0x800'17d4     0xc  stm32l0xx_hal.o [1]
  .text              ro code   0x800'17e0     0x2  stm32l0xx_hal_uart.o [1]
  .text              ro code   0x800'17e2     0x2  stm32l0xx_hal_uart.o [1]
  .text              ro code   0x800'17e4   0x284  main.o [1]
  .text              ro code   0x800'1a68    0x28  stm32l0xx_hal.o [1]
  .text              ro code   0x800'1a90    0x10  ABImemset_small.o [3]
  .text              ro code   0x800'1aa0   0x2ac  stm32l0xx_hal_gpio.o [1]
  .text              ro code   0x800'1d4c    0xac  stm32l0xx_hal_cortex.o [1]
  .text              ro code   0x800'1df8    0x44  stm32l0xx_hal.o [1]
  .text              ro code   0x800'1e3c    0x32  I64Mul.o [3]
  .text              ro code   0x800'1e6e    0x7e  lz77_init_single.o [3]
  .text              ro code   0x800'1eec     0x2  IntDivZer.o [3]
  .text              ro code   0x800'1eee     0x2  startup_stm32l051xx.o [1]
  .text              ro code   0x800'1ef0     0x2  I64DivZer.o [3]
  .text              ro code   0x800'1ef2     0x2  startup_stm32l051xx.o [1]
  .text              ro code   0x800'1ef4    0x28  stm32l0xx_hal.o [1]
  .text              ro code   0x800'1f1c   0x180  gpio.o [1]
  .text              ro code   0x800'209c    0x3c  dma.o [1]
  .text              ro code   0x800'20d8    0xd8  i2c.o [1]
  .text              ro code   0x800'21b0    0x64  rtc.o [1]
  .text              ro code   0x800'2214    0xa4  tim.o [1]
  .text              ro code   0x800'22b8   0x5ac  transfer.o [1]
  .text              ro code   0x800'2864    0x4e  ABImemcpy.o [3]
  .text              ro code   0x800'28b2     0x2  startup_stm32l051xx.o [1]
  .text              ro code   0x800'28b4   0x138  power.o [1]
  .text              ro code   0x800'29ec   0x18c  stm32l0xx_hal_rcc_ex.o [1]
  .text              ro code   0x800'2b78    0x1c  stm32l0xx_hal_msp.o [1]
  .text              ro code   0x800'2b94    0x14  memset.o [3]
  .text              ro code   0x800'2ba8   0x6a4  stm32l0xx_hal_i2c.o [1]
  .text              ro code   0x800'324c    0x8c  stm32l0xx_hal_i2c_ex.o [1]
  .text              ro code   0x800'32d8   0x13c  stm32l0xx_hal_rtc.o [1]
  .text              ro code   0x800'3414   0x2f0  stm32l0xx_hal_tim.o [1]
  .text              ro code   0x800'3704    0x5c  stm32l0xx_hal_tim_ex.o [1]
  .text              ro code   0x800'3760    0x24  ABIassert.o [4]
  .text              ro code   0x800'3784    0x16  uread4.o [3]
  .text              ro code   0x800'379a     0x2  startup_stm32l051xx.o [1]
  .text              ro code   0x800'379c    0x14  uwrite4.o [3]
  .text              ro code   0x800'37b0   0x1bc  stm32l0xx_hal_rtc_ex.o [1]
  .text              ro code   0x800'396c    0x70  stm32l0xx_hal_pwr.o [1]
  .text              ro code   0x800'39dc     0x2  stm32l0xx_hal_i2c.o [1]
  .text              ro code   0x800'39de     0x2  stm32l0xx_hal_i2c.o [1]
  .text              ro code   0x800'39e0     0x2  stm32l0xx_hal_i2c.o [1]
  .text              ro code   0x800'39e2     0x2  stm32l0xx_hal_i2c.o [1]
  .text              ro code   0x800'39e4     0x2  stm32l0xx_hal_i2c.o [1]
  .text              ro code   0x800'39e6     0x2  stm32l0xx_hal_i2c.o [1]
  .text              ro code   0x800'39e8     0x2  stm32l0xx_hal_tim.o [1]
  .text              ro code   0x800'39ea     0x2  stm32l0xx_hal_tim.o [1]
  .text              ro code   0x800'39ec     0x2  stm32l0xx_hal_tim.o [1]
  .text              ro code   0x800'39ee     0x2  stm32l0xx_hal_tim.o [1]
  .text              ro code   0x800'39f0     0x2  stm32l0xx_hal_tim.o [1]
  .text              ro code   0x800'39f2     0xa  abort.o [2]
  .text              ro code   0x800'39fc     0x2  stm32l0xx_hal_rtc_ex.o [1]
  .text              ro code   0x800'39fe     0x2  startup_stm32l051xx.o [1]
  .text              ro code   0x800'3a00    0x14  exit.o [4]
  .text              ro code   0x800'3a14   0x108  stm32l0xx_it.o [1]
  .text              ro code   0x800'3b1c    0x10  stm32l0xx_hal.o [1]
  .rodata            const     0x800'3b2c    0xa8  transfer.o [1]
  .rodata            const     0x800'3bd4    0x40  transfer.o [1]
  .rodata            const     0x800'3c14    0x3c  transfer.o [1]
  .text              ro code   0x800'3c50    0x3c  zero_init3.o [3]
  .rodata            const     0x800'3c8c    0x30  transfer.o [1]
  .text              ro code   0x800'3cbc    0x28  data_init.o [3]
  .iar.init_table    const     0x800'3ce4    0x20  - Linker created -
  .text              ro code   0x800'3d04    0x20  system_stm32l0xx.o [1]
  .text              ro code   0x800'3d24    0x1e  cmain.o [3]
  .text              ro code   0x800'3d42     0x4  low_level_init.o [2]
  .text              ro code   0x800'3d46     0x8  exit.o [2]
  .text              ro code   0x800'3d4e     0x2  startup_stm32l051xx.o [1]
  .text              ro code   0x800'3d50     0xa  cexit.o [3]
  .text              ro code   0x800'3d5a     0x2  startup_stm32l051xx.o [1]
  .text              ro code   0x800'3d5c    0x10  startup_stm32l051xx.o [1]
  .text              ro code   0x800'3d6c     0xc  cstartup_M.o [3]
  .rodata            const     0x800'3d78     0x8  system_stm32l0xx.o [1]
  .text              ro code   0x800'3d80     0x2  startup_stm32l051xx.o [1]
  .text              ro code   0x800'3d82     0x2  startup_stm32l051xx.o [1]
  .text              ro code   0x800'3d84     0x2  startup_stm32l051xx.o [1]
  .text              ro code   0x800'3d86     0x2  startup_stm32l051xx.o [1]
  .text              ro code   0x800'3d88     0x2  startup_stm32l051xx.o [1]
  .text              ro code   0x800'3d8a     0x2  startup_stm32l051xx.o [1]
  .text              ro code   0x800'3d8c     0x2  startup_stm32l051xx.o [1]
  .text              ro code   0x800'3d8e     0x2  startup_stm32l051xx.o [1]
  .text              ro code   0x800'3d90     0x2  startup_stm32l051xx.o [1]
  .rodata            const     0x800'3d92     0x0  zero_init3.o [3]
  .rodata            const     0x800'3d92     0x0  lz77_init_single.o [3]
  Initializer bytes  const     0x800'3d92   0x142  <for P2-1>
                             - 0x800'3ed4  0x3e14

"P2", part 1 of 3:                          0x344
  P2-1                        0x2000'0000   0x344  <Init block>
    .data            inited   0x2000'0000   0x134  main.o [1]
    .data            inited   0x2000'0134     0xc  stm32l0xx_hal.o [1]
    .data            inited   0x2000'0140     0x4  system_stm32l0xx.o [1]
    .data            inited   0x2000'0144   0x200  transfer.o [1]
                            - 0x2000'0344   0x344

"P2", part 2 of 3:                          0x5e4
  .bss               zero     0x2000'0344   0x188  usart.o [1]
  .bss               zero     0x2000'04cc   0x188  usart.o [1]
  .bss               zero     0x2000'0654   0x120  usart.o [1]
  .bss               zero     0x2000'0774   0x100  stm32l0xx_it.o [1]
  .bss               zero     0x2000'0874    0x4c  i2c.o [1]
  .bss               zero     0x2000'08c0    0x40  tim.o [1]
  .bss               zero     0x2000'0900    0x24  rtc.o [1]
  .bss               zero     0x2000'0924     0x1  stm32l0xx_it.o [1]
                            - 0x2000'0925   0x5e1

"P2", part 3 of 3:                          0x400
  CSTACK                      0x2000'0928   0x400  <Block>
    CSTACK           uninit   0x2000'0928   0x400  <Block tail>
                            - 0x2000'0d28   0x400

Unused ranges:

         From           To    Size
         ----           --    ----
   0x800'3ed4   0x800'ffff  0xc12c
  0x2000'0d28  0x2000'1fff  0x12d8


*******************************************************************************
*** INIT TABLE
***

          Address      Size
          -------      ----
Zero (__iar_zero_init3)
    1 destination range, total size 0x5e1:
          0x2000'0344  0x5e1

Copy/lz77 (__iar_lz77_init_single3)
    1 source range, total size 0x142 (38% of destination):
           0x800'3d92  0x142
    1 destination range, total size 0x344:
          0x2000'0000  0x344



*******************************************************************************
*** MODULE SUMMARY
***

    Module                   ro code  ro data  rw data
    ------                   -------  -------  -------
command line/config:
    --------------------------------------------------
    Total:

D:\03_Workspace\01_Software_WorkSpace\OM\EWARM\OM\Obj: [1]
    dma.o                         60
    gpio.o                       384
    i2c.o                        216                76
    main.o                       644      118      308
    power.o                      312
    rtc.o                        100                36
    startup_stm32l051xx.o        240
    stm32l0xx_hal.o              176        5       12
    stm32l0xx_hal_cortex.o       172
    stm32l0xx_hal_dma.o          784
    stm32l0xx_hal_gpio.o         684
    stm32l0xx_hal_i2c.o        1'712
    stm32l0xx_hal_i2c_ex.o       140
    stm32l0xx_hal_msp.o           28
    stm32l0xx_hal_pwr.o          112
    stm32l0xx_hal_rcc.o        1'684
    stm32l0xx_hal_rcc_ex.o       396
    stm32l0xx_hal_rtc.o          316
    stm32l0xx_hal_rtc_ex.o       446
    stm32l0xx_hal_tim.o          762
    stm32l0xx_hal_tim_ex.o        92
    stm32l0xx_hal_uart.o       2'670
    stm32l0xx_hal_uart_ex.o        2
    stm32l0xx_it.o               264               257
    system_stm32l0xx.o            32        9        4
    tim.o                        164                64
    transfer.o                 1'452      538      512
    usart.o                      612             1'072
    --------------------------------------------------
    Total:                    14'656      670    2'341

dl6M_tlf.a: [2]
    abort.o                       10
    exit.o                         8
    low_level_init.o               4
    --------------------------------------------------
    Total:                        22

rt6M_tl.a: [3]
    ABImemcpy.o                   78
    ABImemset_small.o             16
    I32DivMod.o                   54
    I64DivMod.o                  106
    I64DivZer.o                    2
    I64Mul.o                      50
    IntDivZer.o                    2
    cexit.o                       10
    cmain.o                       30
    cstartup_M.o                  12
    data_init.o                   40
    lz77_init_single.o           126
    memset.o                      20
    uread4.o                      22
    uwrite4.o                     20
    zero_init3.o                  60
    --------------------------------------------------
    Total:                       648

shb_l.a: [4]
    ABIassert.o                   36
    exit.o                        20
    --------------------------------------------------
    Total:                        56

    Linker created                         32    1'024
------------------------------------------------------
    Grand Total:              15'382      702    3'365


*******************************************************************************
*** ENTRY LIST
***

Entry                       Address   Size  Type      Object
-----                       -------   ----  ----      ------
.iar.init_table$$Base    0x800'3ce4          --   Gb  - Linker created -
.iar.init_table$$Limit   0x800'3d04          --   Gb  - Linker created -
?main                    0x800'3d25         Code  Gb  cmain.o [3]
AHBPrescTable            0x800'3d08   0x10  Data  Gb  system_stm32l0xx.o [1]
APBPrescTable            0x800'3d78    0x8  Data  Gb  system_stm32l0xx.o [1]
Blink                    0x800'17fd   0x34  Code  Gb  main.o [1]
CSTACK$$Base            0x2000'0928          --   Gb  - Linker created -
CSTACK$$Limit           0x2000'0d28          --   Gb  - Linker created -
DMA1_Channel2_3_IRQHandler
                         0x800'3a47   0x10  Code  Gb  stm32l0xx_it.o [1]
DMA1_Channel4_5_6_7_IRQHandler
                         0x800'3a57   0x10  Code  Gb  stm32l0xx_it.o [1]
DMA_SetConfig            0x800'1071   0x28  Code  Lc  stm32l0xx_hal_dma.o [1]
EXTI4_15_IRQHandler      0x800'3a2f   0x18  Code  Gb  stm32l0xx_it.o [1]
Error_Handler            0x800'1a65    0x4  Code  Gb  main.o [1]
GetCRC16                 0x800'22b9   0x2a  Code  Gb  transfer.o [1]
GpioLowPowerConfig       0x800'28b5   0x92  Code  Gb  power.o [1]
HAL_DMA_Abort            0x800'0eeb   0x4a  Code  Gb  stm32l0xx_hal_dma.o [1]
HAL_DMA_Abort_IT         0x800'0f35   0x4e  Code  Gb  stm32l0xx_hal_dma.o [1]
HAL_DMA_DeInit           0x800'0e0d   0x5e  Code  Gb  stm32l0xx_hal_dma.o [1]
HAL_DMA_GetError         0x800'106d    0x4  Code  Gb  stm32l0xx_hal_dma.o [1]
HAL_DMA_GetState         0x800'1067    0x6  Code  Gb  stm32l0xx_hal_dma.o [1]
HAL_DMA_IRQHandler       0x800'0f83   0xe4  Code  Gb  stm32l0xx_hal_dma.o [1]
HAL_DMA_Init             0x800'0d89   0x84  Code  Gb  stm32l0xx_hal_dma.o [1]
HAL_DMA_Start_IT         0x800'0e7d   0x6e  Code  Gb  stm32l0xx_hal_dma.o [1]
HAL_Delay                0x800'1a69   0x28  Code  Wk  stm32l0xx_hal.o [1]
HAL_GPIO_DeInit          0x800'1c15   0xda  Code  Gb  stm32l0xx_hal_gpio.o [1]
HAL_GPIO_EXTI_Callback   0x800'1831   0x12  Code  Gb  main.o [1]
HAL_GPIO_EXTI_IRQHandler
                         0x800'1d17   0x14  Code  Gb  stm32l0xx_hal_gpio.o [1]
HAL_GPIO_Init            0x800'1aa1  0x174  Code  Gb  stm32l0xx_hal_gpio.o [1]
HAL_GPIO_ReadPin         0x800'1cef    0xc  Code  Gb  stm32l0xx_hal_gpio.o [1]
HAL_GPIO_TogglePin       0x800'1d07   0x10  Code  Gb  stm32l0xx_hal_gpio.o [1]
HAL_GPIO_WritePin        0x800'1cfb    0xc  Code  Gb  stm32l0xx_hal_gpio.o [1]
HAL_GetTick              0x800'17d5    0xc  Code  Wk  stm32l0xx_hal.o [1]
HAL_I2CEx_ConfigAnalogFilter
                         0x800'324d   0x3a  Code  Gb  stm32l0xx_hal_i2c_ex.o [1]
HAL_I2CEx_ConfigDigitalFilter
                         0x800'3287   0x36  Code  Gb  stm32l0xx_hal_i2c_ex.o [1]
HAL_I2C_ER_IRQHandler    0x800'2c71   0x5c  Code  Gb  stm32l0xx_hal_i2c.o [1]
HAL_I2C_EV_IRQHandler    0x800'2c5d   0x14  Code  Gb  stm32l0xx_hal_i2c.o [1]
HAL_I2C_Init             0x800'2ba9   0xa8  Code  Gb  stm32l0xx_hal_i2c.o [1]
HAL_I2C_MspInit          0x800'2127   0x76  Code  Gb  i2c.o [1]
HAL_IncTick              0x800'3b1d   0x10  Code  Wk  stm32l0xx_hal.o [1]
HAL_Init                 0x800'1ef5   0x24  Code  Gb  stm32l0xx_hal.o [1]
HAL_InitTick             0x800'1df9   0x44  Code  Wk  stm32l0xx_hal.o [1]
HAL_MspInit              0x800'2b79   0x1c  Code  Gb  stm32l0xx_hal_msp.o [1]
HAL_NVIC_DisableIRQ      0x800'1da1   0x1a  Code  Gb  stm32l0xx_hal_cortex.o [1]
HAL_NVIC_EnableIRQ       0x800'1d8f   0x12  Code  Gb  stm32l0xx_hal_cortex.o [1]
HAL_NVIC_SetPriority     0x800'1d87    0x8  Code  Gb  stm32l0xx_hal_cortex.o [1]
HAL_PWR_EnterSTOPMode    0x800'396d   0x5e  Code  Gb  stm32l0xx_hal_pwr.o [1]
HAL_RCCEx_PeriphCLKConfig
                         0x800'29ed  0x164  Code  Gb  stm32l0xx_hal_rcc_ex.o [1]
HAL_RCC_ClockConfig      0x800'14c5  0x194  Code  Gb  stm32l0xx_hal_rcc.o [1]
HAL_RCC_GetPCLK1Freq     0x800'16db    0xe  Code  Gb  stm32l0xx_hal_rcc.o [1]
HAL_RCC_GetPCLK2Freq     0x800'16f1    0xc  Code  Gb  stm32l0xx_hal_rcc.o [1]
HAL_RCC_GetSysClockFreq
                         0x800'1669   0x72  Code  Gb  stm32l0xx_hal_rcc.o [1]
HAL_RCC_OscConfig        0x800'10a1  0x414  Code  Gb  stm32l0xx_hal_rcc.o [1]
HAL_RTCEx_DeactivateWakeUpTimer
                         0x800'38a3   0x7c  Code  Gb  stm32l0xx_hal_rtc_ex.o [1]
HAL_RTCEx_SetWakeUpTimer_IT
                         0x800'37b1   0xba  Code  Gb  stm32l0xx_hal_rtc_ex.o [1]
HAL_RTCEx_WakeUpTimerIRQHandler
                         0x800'3921   0x30  Code  Gb  stm32l0xx_hal_rtc_ex.o [1]
HAL_RTC_Init             0x800'32d9   0xc2  Code  Gb  stm32l0xx_hal_rtc.o [1]
HAL_RTC_MspInit          0x800'21db   0x2a  Code  Gb  rtc.o [1]
HAL_RTC_WaitForSynchro   0x800'33a1   0x30  Code  Gb  stm32l0xx_hal_rtc.o [1]
HAL_SYSTICK_Config       0x800'1dbb   0x28  Code  Gb  stm32l0xx_hal_cortex.o [1]
HAL_TIMEx_MasterConfigSynchronization
                         0x800'3705   0x54  Code  Gb  stm32l0xx_hal_tim_ex.o [1]
HAL_TIM_Base_Init        0x800'3415   0x46  Code  Gb  stm32l0xx_hal_tim.o [1]
HAL_TIM_Base_MspInit     0x800'2281   0x2a  Code  Gb  tim.o [1]
HAL_TIM_IRQHandler       0x800'3463  0x11a  Code  Gb  stm32l0xx_hal_tim.o [1]
HAL_TIM_SlaveConfigSynchro
                         0x800'357d   0x38  Code  Gb  stm32l0xx_hal_tim.o [1]
HAL_UARTEx_WakeupCallback
                         0x800'109d    0x2  Code  Wk  stm32l0xx_hal_uart_ex.o [1]
HAL_UART_DMAStop         0x800'0265   0x82  Code  Gb  stm32l0xx_hal_uart.o [1]
HAL_UART_DeInit          0x800'012d   0x3e  Code  Gb  stm32l0xx_hal_uart.o [1]
HAL_UART_IRQHandler      0x800'02f5  0x21e  Code  Gb  stm32l0xx_hal_uart.o [1]
HAL_UART_Init            0x800'00c1   0x56  Code  Gb  stm32l0xx_hal_uart.o [1]
HAL_UART_MspDeInit       0x800'0cf7   0x5a  Code  Gb  usart.o [1]
HAL_UART_MspInit         0x800'0b89  0x16e  Code  Gb  usart.o [1]
HAL_UART_Receive_DMA     0x800'0205   0x5c  Code  Gb  stm32l0xx_hal_uart.o [1]
HAL_UART_RxCpltCallback
                         0x800'0d51   0x10  Code  Gb  usart.o [1]
HAL_UART_Transmit_DMA    0x800'016b   0x9a  Code  Gb  stm32l0xx_hal_uart.o [1]
HardFault_Handler        0x800'3a17    0x2  Code  Gb  stm32l0xx_it.o [1]
I2C1_IRQHandler          0x800'3a71   0x1c  Code  Gb  stm32l0xx_it.o [1]
I2C_DMAAbort             0x800'31cd   0x1c  Code  Lc  stm32l0xx_hal_i2c.o [1]
I2C_Disable_IRQ          0x800'31e9   0x64  Code  Lc  stm32l0xx_hal_i2c.o [1]
I2C_Flush_TXDR           0x800'318f   0x1c  Code  Lc  stm32l0xx_hal_i2c.o [1]
I2C_ITAddrCplt           0x800'2df9   0x9a  Code  Lc  stm32l0xx_hal_i2c.o [1]
I2C_ITError              0x800'3085   0xd4  Code  Lc  stm32l0xx_hal_i2c.o [1]
I2C_ITListenCplt         0x800'3019   0x5c  Code  Lc  stm32l0xx_hal_i2c.o [1]
I2C_ITSlaveCplt          0x800'2ef7  0x122  Code  Lc  stm32l0xx_hal_i2c.o [1]
I2C_ITSlaveSeqCplt       0x800'2e93   0x64  Code  Lc  stm32l0xx_hal_i2c.o [1]
I2C_Slave_ISR_IT         0x800'2ccd  0x120  Code  Lc  stm32l0xx_hal_i2c.o [1]
I2C_TreatErrorCallback   0x800'3161   0x2e  Code  Lc  stm32l0xx_hal_i2c.o [1]
IntoStopModeWithRTC      0x800'2961   0x28  Code  Gb  power.o [1]
Lora_EnterInto_LowPower
                        0x2000'0024   0x10  Data  Gb  main.o [1]
MX_DMA_Init              0x800'209d   0x3c  Code  Gb  dma.o [1]
MX_GPIO_Init             0x800'1f1d  0x180  Code  Gb  gpio.o [1]
MX_I2C1_Init             0x800'20d9   0x4e  Code  Gb  i2c.o [1]
MX_RTC_Init              0x800'21b1   0x2a  Code  Gb  rtc.o [1]
MX_TIM2_Init             0x800'2215   0x6c  Code  Gb  tim.o [1]
MX_USART1_UART_Init      0x800'0b25    0xe  Code  Gb  usart.o [1]
MX_USART2_UART_Init      0x800'0b33    0xc  Code  Gb  usart.o [1]
NMI_Handler              0x800'3a15    0x2  Code  Gb  stm32l0xx_it.o [1]
Outputbuffer_len        0x2000'0924    0x1  Data  Gb  stm32l0xx_it.o [1]
PLLMulTable              0x800'3d18    0xc  Data  Gb  system_stm32l0xx.o [1]
PendSV_Handler           0x800'3a1b    0x2  Code  Gb  stm32l0xx_it.o [1]
PreIntoStopMode          0x800'2947   0x1a  Code  Gb  power.o [1]
RTC_EnterInitMode        0x800'33d9   0x36  Code  Gb  stm32l0xx_hal_rtc.o [1]
RTC_IRQHandler           0x800'3a25    0xa  Code  Gb  stm32l0xx_it.o [1]
Region$$Table$$Base      0x800'3ce4          --   Gb  - Linker created -
Region$$Table$$Limit     0x800'3d04          --   Gb  - Linker created -
SVC_Handler              0x800'3a19    0x2  Code  Gb  stm32l0xx_it.o [1]
Send_Number             0x2000'001c    0x1  Data  Gb  main.o [1]
Send_data_node          0x2000'0774  0x100  Data  Gb  stm32l0xx_it.o [1]
SysTick_Handler          0x800'3a1d    0x8  Code  Gb  stm32l0xx_it.o [1]
SystemClock_Config       0x800'19a3   0x96  Code  Gb  main.o [1]
SystemCoreClock         0x2000'0140    0x4  Data  Gb  system_stm32l0xx.o [1]
SystemInit               0x800'3d05    0x2  Code  Gb  system_stm32l0xx.o [1]
TIM2_IRQHandler          0x800'3a67    0xa  Code  Gb  stm32l0xx_it.o [1]
TIM_Base_SetConfig       0x800'35d3   0x4e  Code  Lc  stm32l0xx_hal_tim.o [1]
TIM_ETR_SetConfig        0x800'36dd   0x14  Code  Lc  stm32l0xx_hal_tim.o [1]
TIM_SlaveTimer_SetConfig
                         0x800'3625   0x72  Code  Lc  stm32l0xx_hal_tim.o [1]
TIM_TI1_ConfigInputStage
                         0x800'3697   0x22  Code  Lc  stm32l0xx_hal_tim.o [1]
TIM_TI2_ConfigInputStage
                         0x800'36b9   0x24  Code  Lc  stm32l0xx_hal_tim.o [1]
UART_AdvFeatureConfig    0x800'073d   0xc8  Code  Gb  stm32l0xx_hal_uart.o [1]
UART_CheckIdleState      0x800'0805   0x60  Code  Gb  stm32l0xx_hal_uart.o [1]
UART_DMAAbortOnError     0x800'0b07   0x14  Code  Lc  stm32l0xx_hal_uart.o [1]
UART_DMAError            0x800'0ab9   0x4e  Code  Lc  stm32l0xx_hal_uart.o [1]
UART_DMAReceiveCplt      0x800'0a27   0x5c  Code  Lc  stm32l0xx_hal_uart.o [1]
UART_DMARxHalfCplt       0x800'0a9d   0x1c  Code  Lc  stm32l0xx_hal_uart.o [1]
UART_DMATransmitCplt     0x800'09ed   0x30  Code  Lc  stm32l0xx_hal_uart.o [1]
UART_DMATxHalfCplt       0x800'0a1d    0xa  Code  Lc  stm32l0xx_hal_uart.o [1]
UART_EndRxTransfer       0x800'09a9   0x30  Code  Lc  stm32l0xx_hal_uart.o [1]
UART_EndTxTransfer       0x800'0999   0x10  Code  Lc  stm32l0xx_hal_uart.o [1]
UART_SetConfig           0x800'0529  0x1f6  Code  Gb  stm32l0xx_hal_uart.o [1]
UART_Start_Receive_DMA   0x800'091d   0x6c  Code  Gb  stm32l0xx_hal_uart.o [1]
UART_WaitOnFlagUntilTimeout
                         0x800'086d   0xa2  Code  Gb  stm32l0xx_hal_uart.o [1]
USART1_IRQHandler        0x800'3a8d   0x34  Code  Gb  stm32l0xx_it.o [1]
USART2_IRQHandler        0x800'3ac1   0x30  Code  Gb  stm32l0xx_it.o [1]
Usart1_Receive_t        0x2000'03c8  0x104  Data  Gb  usart.o [1]
Usart2_Receive_t        0x2000'0550  0x104  Data  Gb  usart.o [1]
WakeFromStopMode         0x800'2989   0x40  Code  Gb  power.o [1]
__NVIC_SetPriority       0x800'1d4d   0x3a  Code  Lc  stm32l0xx_hal_cortex.o [1]
__aeabi_assert           0x800'3761   0x24  Code  Gb  ABIassert.o [4]
__aeabi_idiv0            0x800'1eed         Code  Gb  IntDivZer.o [3]
__aeabi_ldiv0            0x800'1ef1         Code  Gb  I64DivZer.o [3]
__aeabi_lmul             0x800'1e3d         Code  Gb  I64Mul.o [3]
__aeabi_memcpy           0x800'2899         Code  Gb  ABImemcpy.o [3]
__aeabi_memcpy4          0x800'2865         Code  Gb  ABImemcpy.o [3]
__aeabi_memcpy8          0x800'2865         Code  Gb  ABImemcpy.o [3]
__aeabi_uldivmod         0x800'176b         Code  Gb  I64DivMod.o [3]
__aeabi_uread4           0x800'3785         Code  Gb  uread4.o [3]
__aeabi_uwrite4          0x800'379d         Code  Gb  uwrite4.o [3]
__cmain                  0x800'3d25         Code  Gb  cmain.o [3]
__exit                   0x800'3a01   0x14  Code  Gb  exit.o [4]
__iar_Memcpy             0x800'28a5         Code  Gb  ABImemcpy.o [3]
__iar_data_init3         0x800'3cbd   0x28  Code  Gb  data_init.o [3]
__iar_lz77_init_single3
                         0x800'1e6f   0x7e  Code  Gb  lz77_init_single.o [3]
__iar_program_start      0x800'3d6d         Code  Gb  cstartup_M.o [3]
__iar_small_Memset4_word
                         0x800'1a95         Code  Gb  ABImemset_small.o [3]
__iar_small_Memset_word
                         0x800'1a95         Code  Gb  ABImemset_small.o [3]
__iar_small_memclr       0x800'1a91         Code  Gb  ABImemset_small.o [3]
__iar_small_memclr4      0x800'1a91         Code  Gb  ABImemset_small.o [3]
__iar_small_memclr8      0x800'1a91         Code  Gb  ABImemset_small.o [3]
__iar_small_memset       0x800'1a95         Code  Gb  ABImemset_small.o [3]
__iar_small_memset4      0x800'1a95         Code  Gb  ABImemset_small.o [3]
__iar_small_memset8      0x800'1a95         Code  Gb  ABImemset_small.o [3]
__iar_small_uidiv        0x800'1735         Code  Gb  I32DivMod.o [3]
__iar_small_uidivmod     0x800'1735         Code  Gb  I32DivMod.o [3]
__iar_zero_init3         0x800'3c51   0x3c  Code  Gb  zero_init3.o [3]
__low_level_init         0x800'3d43    0x4  Code  Gb  low_level_init.o [2]
__vector_table           0x800'0000         Data  Gb  startup_stm32l051xx.o [1]
_call_main               0x800'3d31         Code  Gb  cmain.o [3]
_exit                    0x800'3d51         Code  Gb  cexit.o [3]
_main                    0x800'3d3f         Code  Gb  cmain.o [3]
abort                    0x800'39f3    0xa  Code  Gb  abort.o [2]
auchCRCHi               0x2000'0144  0x100  Data  Lc  transfer.o [1]
auchCRCLo               0x2000'0244  0x100  Data  Lc  transfer.o [1]
checkPack                0x800'17e5   0x18  Code  Gb  main.o [1]
exit                     0x800'3d47    0x8  Code  Gb  exit.o [2]
hdma_usart1_rx          0x2000'0654   0x48  Data  Gb  usart.o [1]
hdma_usart1_tx          0x2000'069c   0x48  Data  Gb  usart.o [1]
hdma_usart2_rx          0x2000'06e4   0x48  Data  Gb  usart.o [1]
hdma_usart2_tx          0x2000'072c   0x48  Data  Gb  usart.o [1]
hi2c1                   0x2000'0874   0x4c  Data  Gb  i2c.o [1]
hrtc                    0x2000'0900   0x24  Data  Gb  rtc.o [1]
htim2                   0x2000'08c0   0x40  Data  Gb  tim.o [1]
huart1                  0x2000'0344   0x84  Data  Gb  usart.o [1]
huart2                  0x2000'04cc   0x84  Data  Gb  usart.o [1]
lightning_stroke_number
                        0x2000'0020    0x4  Data  Gb  main.o [1]
main                     0x800'1843  0x160  Code  Gb  main.o [1]
makeupNetworkPacket      0x800'27cd   0x7a  Code  Gb  transfer.o [1]
memset                   0x800'2b95   0x14  Code  Gb  memset.o [3]
pBufOut                 0x2000'0034  0x100  Data  Gb  main.o [1]
pack_buffer             0x2000'0000   0x1c  Data  Gb  main.o [1]
reverse                  0x800'22e5   0x44  Code  Gb  transfer.o [1]
transfer                 0x800'271d   0xae  Code  Gb  transfer.o [1]
transfer_jxtx            0x800'2575  0x1a4  Code  Gb  transfer.o [1]
transfer_moa             0x800'2331  0x116  Code  Gb  transfer.o [1]
transfer_sf6ws           0x800'2447  0x122  Code  Gb  transfer.o [1]
uwTick                  0x2000'0138    0x4  Data  Gb  stm32l0xx_hal.o [1]
uwTickFreq              0x2000'0134    0x1  Data  Gb  stm32l0xx_hal.o [1]
uwTickPrio              0x2000'013c    0x4  Data  Gb  stm32l0xx_hal.o [1]


[1] = D:\03_Workspace\01_Software_WorkSpace\OM\EWARM\OM\Obj
[2] = dl6M_tlf.a
[3] = rt6M_tl.a
[4] = shb_l.a

  15'382 bytes of readonly  code memory
     702 bytes of readonly  data memory
   3'365 bytes of readwrite data memory

Errors: none
Warnings: none
